xrun(64): 23.09-s013: (c) Copyright 1995-2024 Cadence Design Systems, Inc.
TOOL:	xrun(64)	23.09-s013: Started on Aug 20, 2026 at 20:53:09 -03
xrun
	-access +rw
	somador.sv
	somador_uvm.sv
	-uvm
	-gui
file: somador_uvm.sv
		Caching library 'worklib' ....... Done
	Elaborating the design hierarchy:
	Top level design units:
		uvm_pkg
		cdns_uvmapi
		cdns_assert2uvm_pkg
		cdns_uvm_pkg
		$unit_0x2291bf98
		top_tb
	Building instance overlay tables: .................... Done
	Building instance specific data structures.
	Loading native compiled code:     .................... Done
	Design hierarchy summary:
		                       Instances  Unique
		Modules:                       2       2
		Interfaces:                    1       1
		Verilog packages:              4       4
		Registers:                 13939   10174
		Scalar wires:                  1       -
		Named events:                  4      12
		Always blocks:                 2       2
		Initial blocks:              283     155
		Clocking blocks:               1       1
		Clocking items:                4       4
		Parallel blocks:              26      27
		Pseudo assignments:            1       -
		Assertions:                    2       2
		Compilation units:             1       1
		SV Class declarations:       198     312
		SV Class specializations:    381     381
	Writing initial simulation snapshot: worklib.top_tb:sv
xmsim: *W,NOMTDGUI: Multi-Threaded Dumping is disabled for interactive debug mode.
SVSEED default: 1

-------------------------------------
Relinquished control to SimVision...
xcelium> 
xcelium> source /tools/cadence/XCELIUM2309/tools/xcelium/files/xmsimrc
xcelium> source /tools/cadence/XCELIUM2309/tools/methodology/UVM/CDNS-1.1d/additions/sv/files/tcl/uvm_sim.tcl
xcelium> ^C
xcelium> exit
xmsim: *W,NORUNCMD: No 'run' command issued.
TOOL:	xrun(64)	23.09-s013: Exiting on Aug 20, 2026 at 20:55:34 -03  (total: 00:02:25)
