============================================================
  Generated by:           Genus(TM) Synthesis Solution 22.16-s078_1
  Generated on:           Aug 18 2026  09:24:09 pm
  Module:                 riscv_datapath
  Technology library:     slow_vdd1v0 1.0
  Operating conditions:   PVT_0P9V_125C (balanced_tree)
  Wireload mode:          enclosed
  Area mode:              timing library
============================================================

Timing
--------

Clock  Period 
--------------
clock 10000.0 


  Cost    Critical         Violating 
 Group   Path Slack  TNS     Paths   
-------------------------------------
clock         755.0   0.0          0 
default    No paths   0.0            
-------------------------------------
Total                 0.0          0 

Instance Count
--------------
Leaf Instance Count             6511 
Physical Instance count            0 
Sequential Instance Count       1039 
Combinational Instance Count    5472 
Hierarchical Instance Count        0 

Area
----
Cell Area                          17692.002
Physical Cell Area                 0.000
Total Cell Area (Cell+Physical)    17692.002
Net Area                           0.000
Total Area (Cell+Physical+Net)     17692.002

Power
-----
Leakage Power                      286.645 nW
Dynamic Power                      319806.947 nW
Total Power                        320093.591 nW

Max Fanout                         1024 (clk)
Min Fanout                         0 (n_5526)
Average Fanout                     2.9
Terms to net ratio                 4.2301
Terms to instance ratio            4.3087
Runtime                            284.3777 seconds
Elapsed Runtime                    313 seconds
Genus peak memory usage            1959.34 
Innovus peak memory usage          no_value 
Hostname                           saitama
