============================================================
  Generated by:           Genus(TM) Synthesis Solution 22.16-s078_1
  Generated on:           Sep 15 2026  09:12:29 pm
  Module:                 datapath_mc
  Operating conditions:   PVT_0P9V_125C (balanced_tree)
  Wireload mode:          enclosed
  Area mode:              timing library
============================================================

  Instance    Module   Cell Count  Cell Area  Net Area   Total Area   Wireload  
--------------------------------------------------------------------------------
datapath_mc                  4740  17435.844     0.000    17435.844 <none> (D)  
  ADD4      adder              54     99.180     0.000       99.180 <none> (D)  
  ADD_IMM   adder_1            34    162.108     0.000      162.108 <none> (D)  
  ALU       ALU               638   1286.946     0.000     1286.946 <none> (D)  
  CONTROL   control            77    171.000     0.000      171.000 <none> (D)  
  EXTENDIMM extendImm          65     99.864     0.000       99.864 <none> (D)  
  MUX_REG1  mux2               34     78.318     0.000       78.318 <none> (D)  
  MUX_REG2  mux2_134           34     78.318     0.000       78.318 <none> (D)  
  PC        pc                 33    197.676     0.000      197.676 <none> (D)  
  PCMux     mux4_1             68    125.856     0.000      125.856 <none> (D)  
  REGFILE   regfile          3220  12505.914     0.000    12505.914 <none> (D)  
  RegMux    mux4              102    173.394     0.000      173.394 <none> (D)  
  (D) = wireload is default in technology library
