============================================================
  Generated by:           Genus(TM) Synthesis Solution 22.16-s078_1
  Generated on:           Sep 15 2026  09:12:29 pm
  Module:                 datapath_mc
  Operating conditions:   PVT_0P9V_125C (balanced_tree)
  Wireload mode:          enclosed
  Area mode:              timing library
============================================================


Path 1: MET (9726 ps) Setup Check with Pin EX_alu_res_reg[0]/CK->D
          Group: clock
     Startpoint: (R) ID_AluOp_reg[2]/CK
          Clock: (R) clock
       Endpoint: (R) EX_alu_res_reg[0]/D
          Clock: (R) clock

                     Capture       Launch     
        Clock Edge:+   20000            0     
       Src Latency:+       0            0     
       Net Latency:+       0 (I)        0 (I) 
           Arrival:=   20000            0     
                                              
             Setup:-     148                  
       Uncertainty:-    1000                  
     Required Time:=   18852                  
      Launch Clock:-       0                  
         Data Path:-    9127                  
             Slack:=    9726                  

#--------------------------------------------------------------------------------------------------------------------------------------------------------------------------------------------------------
#                                                         Timing Point                                                           Flags    Arc   Edge   Cell     Fanout Load Trans Delay Arrival Instance 
#                                                                                                                                                                      (fF)  (ps)  (ps)   (ps)  Location 
#--------------------------------------------------------------------------------------------------------------------------------------------------------------------------------------------------------
  ID_AluOp_reg[2]/CK                                                                                                             -       -      R     (arrival)   1398    -     0     0       0    (-,-) 
  ID_AluOp_reg[2]/Q                                                                                                              -       CK->Q  R     DFFRHQX1       4  1.4    43   243     243    (-,-) 
  ALU/g4043__4733/Y                                                                                                              -       AN->Y  R     NAND2BX1       4  0.8    36    82     325    (-,-) 
  ALU/g4036__5122/Y                                                                                                              -       B->Y   R     OR2XL          2  0.6    34    70     395    (-,-) 
  ALU/g4032__3680/Y                                                                                                              -       A->Y   R     AND4XL         2  1.0    57   322     717    (-,-) 
  ALU/g4031__6783/Y                                                                                                              -       B->Y   F     NAND2X2       34  7.8   244   175     893    (-,-) 
  ALU/SUB_TC_OP_6_Y_SUB_TC_OP_5_Y_SUB_TC_OP_4_Y_SUB_TC_OP_3_Y_SUB_TC_OP_2_Y_SUB_TC_OP_1_Y_SUB_TC_OP32_Y_ADD_TC_OP_g2781__5115/Y  -       B->Y   R     MXI2XL         1  0.6    99   202    1094    (-,-) 
  ALU/SUB_TC_OP_6_Y_SUB_TC_OP_5_Y_SUB_TC_OP_4_Y_SUB_TC_OP_3_Y_SUB_TC_OP_2_Y_SUB_TC_OP_1_Y_SUB_TC_OP32_Y_ADD_TC_OP_g2764__2398/CO -       CI->CO R     ADDFX1         1  0.6    39   217    1311    (-,-) 
  ALU/SUB_TC_OP_6_Y_SUB_TC_OP_5_Y_SUB_TC_OP_4_Y_SUB_TC_OP_3_Y_SUB_TC_OP_2_Y_SUB_TC_OP_1_Y_SUB_TC_OP32_Y_ADD_TC_OP_g2763__5477/CO -       CI->CO R     ADDFX1         1  0.6    39   186    1498    (-,-) 
  ALU/SUB_TC_OP_6_Y_SUB_TC_OP_5_Y_SUB_TC_OP_4_Y_SUB_TC_OP_3_Y_SUB_TC_OP_2_Y_SUB_TC_OP_1_Y_SUB_TC_OP32_Y_ADD_TC_OP_g2762__6417/CO -       CI->CO R     ADDFX1         1  0.6    39   186    1684    (-,-) 
  ALU/SUB_TC_OP_6_Y_SUB_TC_OP_5_Y_SUB_TC_OP_4_Y_SUB_TC_OP_3_Y_SUB_TC_OP_2_Y_SUB_TC_OP_1_Y_SUB_TC_OP32_Y_ADD_TC_OP_g2761__7410/CO -       CI->CO R     ADDFX1         1  0.6    39   186    1870    (-,-) 
  ALU/SUB_TC_OP_6_Y_SUB_TC_OP_5_Y_SUB_TC_OP_4_Y_SUB_TC_OP_3_Y_SUB_TC_OP_2_Y_SUB_TC_OP_1_Y_SUB_TC_OP32_Y_ADD_TC_OP_g2760__1666/CO -       CI->CO R     ADDFX1         1  0.6    39   186    2056    (-,-) 
  ALU/SUB_TC_OP_6_Y_SUB_TC_OP_5_Y_SUB_TC_OP_4_Y_SUB_TC_OP_3_Y_SUB_TC_OP_2_Y_SUB_TC_OP_1_Y_SUB_TC_OP32_Y_ADD_TC_OP_g2759__2346/CO -       CI->CO R     ADDFX1         1  0.6    39   186    2242    (-,-) 
  ALU/SUB_TC_OP_6_Y_SUB_TC_OP_5_Y_SUB_TC_OP_4_Y_SUB_TC_OP_3_Y_SUB_TC_OP_2_Y_SUB_TC_OP_1_Y_SUB_TC_OP32_Y_ADD_TC_OP_g2758__2883/CO -       CI->CO R     ADDFX1         1  0.6    39   186    2428    (-,-) 
  ALU/SUB_TC_OP_6_Y_SUB_TC_OP_5_Y_SUB_TC_OP_4_Y_SUB_TC_OP_3_Y_SUB_TC_OP_2_Y_SUB_TC_OP_1_Y_SUB_TC_OP32_Y_ADD_TC_OP_g2757__9945/CO -       CI->CO R     ADDFX1         1  0.6    39   186    2614    (-,-) 
  ALU/SUB_TC_OP_6_Y_SUB_TC_OP_5_Y_SUB_TC_OP_4_Y_SUB_TC_OP_3_Y_SUB_TC_OP_2_Y_SUB_TC_OP_1_Y_SUB_TC_OP32_Y_ADD_TC_OP_g2756__9315/CO -       CI->CO R     ADDFX1         1  0.6    39   186    2800    (-,-) 
  ALU/SUB_TC_OP_6_Y_SUB_TC_OP_5_Y_SUB_TC_OP_4_Y_SUB_TC_OP_3_Y_SUB_TC_OP_2_Y_SUB_TC_OP_1_Y_SUB_TC_OP32_Y_ADD_TC_OP_g2755__6161/CO -       CI->CO R     ADDFX1         1  0.6    39   186    2986    (-,-) 
  ALU/SUB_TC_OP_6_Y_SUB_TC_OP_5_Y_SUB_TC_OP_4_Y_SUB_TC_OP_3_Y_SUB_TC_OP_2_Y_SUB_TC_OP_1_Y_SUB_TC_OP32_Y_ADD_TC_OP_g2754__4733/CO -       CI->CO R     ADDFX1         1  0.6    39   186    3172    (-,-) 
  ALU/SUB_TC_OP_6_Y_SUB_TC_OP_5_Y_SUB_TC_OP_4_Y_SUB_TC_OP_3_Y_SUB_TC_OP_2_Y_SUB_TC_OP_1_Y_SUB_TC_OP32_Y_ADD_TC_OP_g2753__7482/CO -       CI->CO R     ADDFX1         1  0.6    39   186    3358    (-,-) 
  ALU/SUB_TC_OP_6_Y_SUB_TC_OP_5_Y_SUB_TC_OP_4_Y_SUB_TC_OP_3_Y_SUB_TC_OP_2_Y_SUB_TC_OP_1_Y_SUB_TC_OP32_Y_ADD_TC_OP_g2752__5115/CO -       CI->CO R     ADDFX1         1  0.6    39   186    3544    (-,-) 
  ALU/SUB_TC_OP_6_Y_SUB_TC_OP_5_Y_SUB_TC_OP_4_Y_SUB_TC_OP_3_Y_SUB_TC_OP_2_Y_SUB_TC_OP_1_Y_SUB_TC_OP32_Y_ADD_TC_OP_g2751__1881/CO -       CI->CO R     ADDFX1         1  0.6    39   186    3730    (-,-) 
  ALU/SUB_TC_OP_6_Y_SUB_TC_OP_5_Y_SUB_TC_OP_4_Y_SUB_TC_OP_3_Y_SUB_TC_OP_2_Y_SUB_TC_OP_1_Y_SUB_TC_OP32_Y_ADD_TC_OP_g2750__6131/CO -       CI->CO R     ADDFX1         1  0.6    39   186    3916    (-,-) 
  ALU/SUB_TC_OP_6_Y_SUB_TC_OP_5_Y_SUB_TC_OP_4_Y_SUB_TC_OP_3_Y_SUB_TC_OP_2_Y_SUB_TC_OP_1_Y_SUB_TC_OP32_Y_ADD_TC_OP_g2749__7098/CO -       CI->CO R     ADDFX1         1  0.6    39   186    4102    (-,-) 
  ALU/SUB_TC_OP_6_Y_SUB_TC_OP_5_Y_SUB_TC_OP_4_Y_SUB_TC_OP_3_Y_SUB_TC_OP_2_Y_SUB_TC_OP_1_Y_SUB_TC_OP32_Y_ADD_TC_OP_g2748__8246/CO -       CI->CO R     ADDFX1         1  0.6    39   186    4288    (-,-) 
  ALU/SUB_TC_OP_6_Y_SUB_TC_OP_5_Y_SUB_TC_OP_4_Y_SUB_TC_OP_3_Y_SUB_TC_OP_2_Y_SUB_TC_OP_1_Y_SUB_TC_OP32_Y_ADD_TC_OP_g2747__5122/CO -       CI->CO R     ADDFX1         1  0.6    39   186    4474    (-,-) 
  ALU/SUB_TC_OP_6_Y_SUB_TC_OP_5_Y_SUB_TC_OP_4_Y_SUB_TC_OP_3_Y_SUB_TC_OP_2_Y_SUB_TC_OP_1_Y_SUB_TC_OP32_Y_ADD_TC_OP_g2746__1705/CO -       CI->CO R     ADDFX1         1  0.6    39   186    4660    (-,-) 
  ALU/SUB_TC_OP_6_Y_SUB_TC_OP_5_Y_SUB_TC_OP_4_Y_SUB_TC_OP_3_Y_SUB_TC_OP_2_Y_SUB_TC_OP_1_Y_SUB_TC_OP32_Y_ADD_TC_OP_g2745__2802/CO -       CI->CO R     ADDFX1         1  0.6    39   186    4846    (-,-) 
  ALU/SUB_TC_OP_6_Y_SUB_TC_OP_5_Y_SUB_TC_OP_4_Y_SUB_TC_OP_3_Y_SUB_TC_OP_2_Y_SUB_TC_OP_1_Y_SUB_TC_OP32_Y_ADD_TC_OP_g2744__1617/CO -       CI->CO R     ADDFX1         1  0.6    39   186    5032    (-,-) 
  ALU/SUB_TC_OP_6_Y_SUB_TC_OP_5_Y_SUB_TC_OP_4_Y_SUB_TC_OP_3_Y_SUB_TC_OP_2_Y_SUB_TC_OP_1_Y_SUB_TC_OP32_Y_ADD_TC_OP_g2743__3680/CO -       CI->CO R     ADDFX1         1  0.6    39   186    5218    (-,-) 
  ALU/SUB_TC_OP_6_Y_SUB_TC_OP_5_Y_SUB_TC_OP_4_Y_SUB_TC_OP_3_Y_SUB_TC_OP_2_Y_SUB_TC_OP_1_Y_SUB_TC_OP32_Y_ADD_TC_OP_g2742__6783/CO -       CI->CO R     ADDFX1         1  0.6    39   186    5404    (-,-) 
  ALU/SUB_TC_OP_6_Y_SUB_TC_OP_5_Y_SUB_TC_OP_4_Y_SUB_TC_OP_3_Y_SUB_TC_OP_2_Y_SUB_TC_OP_1_Y_SUB_TC_OP32_Y_ADD_TC_OP_g2741__5526/CO -       CI->CO R     ADDFX1         1  0.6    39   186    5590    (-,-) 
  ALU/SUB_TC_OP_6_Y_SUB_TC_OP_5_Y_SUB_TC_OP_4_Y_SUB_TC_OP_3_Y_SUB_TC_OP_2_Y_SUB_TC_OP_1_Y_SUB_TC_OP32_Y_ADD_TC_OP_g2740__8428/CO -       CI->CO R     ADDFX1         1  0.6    39   186    5776    (-,-) 
  ALU/SUB_TC_OP_6_Y_SUB_TC_OP_5_Y_SUB_TC_OP_4_Y_SUB_TC_OP_3_Y_SUB_TC_OP_2_Y_SUB_TC_OP_1_Y_SUB_TC_OP32_Y_ADD_TC_OP_g2739__4319/CO -       CI->CO R     ADDFX1         1  0.6    39   186    5962    (-,-) 
  ALU/SUB_TC_OP_6_Y_SUB_TC_OP_5_Y_SUB_TC_OP_4_Y_SUB_TC_OP_3_Y_SUB_TC_OP_2_Y_SUB_TC_OP_1_Y_SUB_TC_OP32_Y_ADD_TC_OP_g2738__6260/CO -       CI->CO R     ADDFX1         1  0.6    39   186    6148    (-,-) 
  ALU/SUB_TC_OP_6_Y_SUB_TC_OP_5_Y_SUB_TC_OP_4_Y_SUB_TC_OP_3_Y_SUB_TC_OP_2_Y_SUB_TC_OP_1_Y_SUB_TC_OP32_Y_ADD_TC_OP_g2737__5107/CO -       CI->CO R     ADDFX1         1  0.6    39   186    6334    (-,-) 
  ALU/SUB_TC_OP_6_Y_SUB_TC_OP_5_Y_SUB_TC_OP_4_Y_SUB_TC_OP_3_Y_SUB_TC_OP_2_Y_SUB_TC_OP_1_Y_SUB_TC_OP32_Y_ADD_TC_OP_g2736__2398/CO -       CI->CO R     ADDFX1         1  0.6    39   186    6520    (-,-) 
  ALU/SUB_TC_OP_6_Y_SUB_TC_OP_5_Y_SUB_TC_OP_4_Y_SUB_TC_OP_3_Y_SUB_TC_OP_2_Y_SUB_TC_OP_1_Y_SUB_TC_OP32_Y_ADD_TC_OP_g2735__5477/CO -       CI->CO R     ADDFX1         1  0.6    39   186    6706    (-,-) 
  ALU/SUB_TC_OP_6_Y_SUB_TC_OP_5_Y_SUB_TC_OP_4_Y_SUB_TC_OP_3_Y_SUB_TC_OP_2_Y_SUB_TC_OP_1_Y_SUB_TC_OP32_Y_ADD_TC_OP_g2734__6417/CO -       CI->CO R     ADDFX1         1  0.6    39   186    6892    (-,-) 
  ALU/SUB_TC_OP_6_Y_SUB_TC_OP_5_Y_SUB_TC_OP_4_Y_SUB_TC_OP_3_Y_SUB_TC_OP_2_Y_SUB_TC_OP_1_Y_SUB_TC_OP32_Y_ADD_TC_OP_g2733__7410/S  -       CI->S  F     ADDFX1         2  0.5    40   269    7160    (-,-) 
  ALU/g7122__7410/Y                                                                                                              -       D->Y   F     OR4X1          1  0.2    40   214    7374    (-,-) 
  ALU/g7097__2398/Y                                                                                                              -       D->Y   F     OR4X1          1  0.2    40   214    7588    (-,-) 
  ALU/g7095__6417/Y                                                                                                              -       D->Y   F     OR4X1          1  0.3    42   215    7803    (-,-) 
  ALU/g7093__1666/Y                                                                                                              -       D->Y   R     NOR4X1         1  0.4   119    90    7893    (-,-) 
  ALU/g7091__2883/Y                                                                                                              -       B->Y   F     NAND2X1        1  0.2    56   101    7994    (-,-) 
  ALU/g7089__9315/Y                                                                                                              -       D->Y   F     OR4X1          1  0.2    40   221    8214    (-,-) 
  ALU/g7087__4733/Y                                                                                                              -       D->Y   F     OR4X1          1  0.2    40   214    8428    (-,-) 
  ALU/g7085__5115/Y                                                                                                              -       D->Y   F     OR4X1          1  0.3    42   215    8643    (-,-) 
  ALU/g7083__6131/Y                                                                                                              -       D->Y   R     NOR4X1         2  0.8   155   111    8754    (-,-) 
  ALU/g7079__1705/Y                                                                                                              -       B1->Y  F     AOI32X1        1  0.3   170   129    8883    (-,-) 
  ALU/g6981__1666/Y                                                                                                              -       C0->Y  R     OAI211X1       1  0.4    89   116    8999    (-,-) 
  ALU/g6980__2346/Y                                                                                                              -       B0->Y  F     AOI21X1        1  0.3    67    70    9069    (-,-) 
  ALU/g6979__2883/Y                                                                                                              -       C0->Y  R     OAI211X1       2  0.5    79    58    9127    (-,-) 
  EX_alu_res_reg[0]/D                                                                                                            <<<     -      R     DFFRHQX1       2    -     -     0    9127    (-,-) 
#--------------------------------------------------------------------------------------------------------------------------------------------------------------------------------------------------------

