============================================================
  Generated by:           Genus(TM) Synthesis Solution 22.16-s078_1
  Generated on:           Aug 18 2026  08:13:50 pm
  Module:                 x3_curto
  Operating conditions:   PVT_0P9V_125C (balanced_tree)
  Wireload mode:          enclosed
  Area mode:              timing library
============================================================


Path 1: MET (8400 ps) Setup Check with Pin XPower_reg[7]/CK->D
          Group: clk
     Startpoint: (R) X2_reg[0]/CK
          Clock: (R) clk
       Endpoint: (R) XPower_reg[7]/D
          Clock: (R) clk

                     Capture       Launch     
        Clock Edge:+   10000            0     
       Src Latency:+       0            0     
       Net Latency:+       0 (I)        0 (I) 
           Arrival:=   10000            0     
                                              
             Setup:-      90                  
       Uncertainty:-      10                  
     Required Time:=    9900                  
      Launch Clock:-       0                  
         Data Path:-    1500                  
             Slack:=    8400                  

#-------------------------------------------------------------------------------------------------
#      Timing Point       Flags    Arc   Edge   Cell     Fanout Load Trans Delay Arrival Instance 
#                                                               (fF)  (ps)  (ps)   (ps)  Location 
#-------------------------------------------------------------------------------------------------
  X2_reg[0]/CK            -       -      R     (arrival)     30    -   100     0       0    (-,-) 
  X2_reg[0]/Q             -       CK->Q  F     DFFHQX1       14  3.6   101   290     290    (-,-) 
  mul_19_27_g532__2398/Y  -       B->Y   R     NAND2X1        2  0.8    46    78     368    (-,-) 
  mul_19_27_g502__6417/Y  -       B->Y   F     XOR2XL         1  0.5    39   147     515    (-,-) 
  mul_19_27_g493__7482/S  -       CI->S  R     ADDFX1         1  0.8    46   290     804    (-,-) 
  mul_19_27_g484__1617/CO -       B->CO  R     ADDFX1         1  0.6    39   203    1007    (-,-) 
  mul_19_27_g482__6783/CO -       CI->CO R     ADDFX1         1  0.6    39   186    1193    (-,-) 
  mul_19_27_g481__5526/CO -       CI->CO R     ADDFX1         1  0.4    35   184    1377    (-,-) 
  mul_19_27_g480__8428/Y  -       B->Y   R     XNOR2X1        1  0.2    22   123    1500    (-,-) 
  XPower_reg[7]/D         <<<     -      R     DFFQXL         1    -     -     0    1500    (-,-) 
#-------------------------------------------------------------------------------------------------

