============================================================
  Generated by:           Genus(TM) Synthesis Solution 22.16-s078_1
  Generated on:           Sep 15 2026  08:31:53 pm
  Module:                 datapath_sc
  Operating conditions:   PVT_0P9V_125C (balanced_tree)
  Wireload mode:          enclosed
  Area mode:              timing library
============================================================


Path 1: MET (7635 ps) Setup Check with Pin RegFile/mem_reg[30][0]/CK->D
          Group: clock
     Startpoint: (R) i_data[22]
          Clock: (R) clock
       Endpoint: (R) RegFile/mem_reg[30][0]/D
          Clock: (R) clock

                     Capture       Launch     
        Clock Edge:+   20000            0     
        Drv Adjust:+       0            0     
       Src Latency:+       0            0     
       Net Latency:+       0 (I)        0 (I) 
           Arrival:=   20000            0     
                                              
             Setup:-     335                  
       Uncertainty:-    1000                  
     Required Time:=   18665                  
      Launch Clock:-       0                  
       Input Delay:-    1000                  
         Data Path:-   10030                  
             Slack:=    7635                  

Exceptions/Constraints:
  input_delay             1000            datapath_sc.sdc_line_3_10_1 

#--------------------------------------------------------------------------------------------------------------------------------------------------------------------------------------------------------
#                                                         Timing Point                                                           Flags    Arc   Edge   Cell     Fanout Load Trans Delay Arrival Instance 
#                                                                                                                                                                      (fF)  (ps)  (ps)   (ps)  Location 
#--------------------------------------------------------------------------------------------------------------------------------------------------------------------------------------------------------
  i_data[22]                                                                                                                     -       -      R     (arrival)      7  2.2     0     0    1000    (-,-) 
  RegFile/g485__6260/Y                                                                                                           -       A->Y   F     NOR2X1         2  0.5    31    26    1026    (-,-) 
  RegFile/g475__2883/Y                                                                                                           -       B->Y   R     NAND2X1        3  2.0    59    51    1077    (-,-) 
  RegFile/g22245/Y                                                                                                               -       A->Y   F     INVX1          2  0.4    29    50    1128    (-,-) 
  RegFile/g444__2883/Y                                                                                                           -       B->Y   F     AND2X2        32 12.8   177   166    1294    (-,-) 
  RegFile/g23029/Y                                                                                                               -       A0->Y  R     AOI222X1       1  0.4   136   252    1546    (-,-) 
  RegFile/g22900/Y                                                                                                               -       C->Y   F     NAND3X1        1  0.2    96   134    1680    (-,-) 
  RegFile/g22869/Y                                                                                                               -       A->Y   F     OR4X1          1  0.2    40   313    1992    (-,-) 
  RegFile/g13343/Y                                                                                                               -       AN->Y  F     NOR2BX1        2  0.4    73    74    2066    (-,-) 
  Rs2MUX/g557/Y                                                                                                                  -       A1->Y  F     AO22X4        68 22.1   182   282    2348    (-,-) 
  ALU/SUB_TC_OP_6_Y_SUB_TC_OP_5_Y_SUB_TC_OP_4_Y_SUB_TC_OP_3_Y_SUB_TC_OP_2_Y_SUB_TC_OP_1_Y_SUB_TC_OP32_Y_ADD_TC_OP_g2781__8246/Y  -       S0->Y  R     MXI2XL         1  0.6   101   155    2504    (-,-) 
  ALU/SUB_TC_OP_6_Y_SUB_TC_OP_5_Y_SUB_TC_OP_4_Y_SUB_TC_OP_3_Y_SUB_TC_OP_2_Y_SUB_TC_OP_1_Y_SUB_TC_OP32_Y_ADD_TC_OP_g2764__1666/CO -       CI->CO R     ADDFX1         1  0.6    39   218    2721    (-,-) 
  ALU/SUB_TC_OP_6_Y_SUB_TC_OP_5_Y_SUB_TC_OP_4_Y_SUB_TC_OP_3_Y_SUB_TC_OP_2_Y_SUB_TC_OP_1_Y_SUB_TC_OP32_Y_ADD_TC_OP_g2763__2346/CO -       CI->CO R     ADDFX1         1  0.6    39   186    2908    (-,-) 
  ALU/SUB_TC_OP_6_Y_SUB_TC_OP_5_Y_SUB_TC_OP_4_Y_SUB_TC_OP_3_Y_SUB_TC_OP_2_Y_SUB_TC_OP_1_Y_SUB_TC_OP32_Y_ADD_TC_OP_g2762__2883/CO -       CI->CO R     ADDFX1         1  0.6    39   186    3094    (-,-) 
  ALU/SUB_TC_OP_6_Y_SUB_TC_OP_5_Y_SUB_TC_OP_4_Y_SUB_TC_OP_3_Y_SUB_TC_OP_2_Y_SUB_TC_OP_1_Y_SUB_TC_OP32_Y_ADD_TC_OP_g2761__9945/CO -       CI->CO R     ADDFX1         1  0.6    39   186    3280    (-,-) 
  ALU/SUB_TC_OP_6_Y_SUB_TC_OP_5_Y_SUB_TC_OP_4_Y_SUB_TC_OP_3_Y_SUB_TC_OP_2_Y_SUB_TC_OP_1_Y_SUB_TC_OP32_Y_ADD_TC_OP_g2760__9315/CO -       CI->CO R     ADDFX1         1  0.6    39   186    3466    (-,-) 
  ALU/SUB_TC_OP_6_Y_SUB_TC_OP_5_Y_SUB_TC_OP_4_Y_SUB_TC_OP_3_Y_SUB_TC_OP_2_Y_SUB_TC_OP_1_Y_SUB_TC_OP32_Y_ADD_TC_OP_g2759__6161/CO -       CI->CO R     ADDFX1         1  0.6    39   186    3652    (-,-) 
  ALU/SUB_TC_OP_6_Y_SUB_TC_OP_5_Y_SUB_TC_OP_4_Y_SUB_TC_OP_3_Y_SUB_TC_OP_2_Y_SUB_TC_OP_1_Y_SUB_TC_OP32_Y_ADD_TC_OP_g2758__4733/CO -       CI->CO R     ADDFX1         1  0.6    39   186    3838    (-,-) 
  ALU/SUB_TC_OP_6_Y_SUB_TC_OP_5_Y_SUB_TC_OP_4_Y_SUB_TC_OP_3_Y_SUB_TC_OP_2_Y_SUB_TC_OP_1_Y_SUB_TC_OP32_Y_ADD_TC_OP_g2757__7482/CO -       CI->CO R     ADDFX1         1  0.6    39   186    4024    (-,-) 
  ALU/SUB_TC_OP_6_Y_SUB_TC_OP_5_Y_SUB_TC_OP_4_Y_SUB_TC_OP_3_Y_SUB_TC_OP_2_Y_SUB_TC_OP_1_Y_SUB_TC_OP32_Y_ADD_TC_OP_g2756__5115/CO -       CI->CO R     ADDFX1         1  0.6    39   186    4210    (-,-) 
  ALU/SUB_TC_OP_6_Y_SUB_TC_OP_5_Y_SUB_TC_OP_4_Y_SUB_TC_OP_3_Y_SUB_TC_OP_2_Y_SUB_TC_OP_1_Y_SUB_TC_OP32_Y_ADD_TC_OP_g2755__1881/CO -       CI->CO R     ADDFX1         1  0.6    39   186    4396    (-,-) 
  ALU/SUB_TC_OP_6_Y_SUB_TC_OP_5_Y_SUB_TC_OP_4_Y_SUB_TC_OP_3_Y_SUB_TC_OP_2_Y_SUB_TC_OP_1_Y_SUB_TC_OP32_Y_ADD_TC_OP_g2754__6131/CO -       CI->CO R     ADDFX1         1  0.6    39   186    4582    (-,-) 
  ALU/SUB_TC_OP_6_Y_SUB_TC_OP_5_Y_SUB_TC_OP_4_Y_SUB_TC_OP_3_Y_SUB_TC_OP_2_Y_SUB_TC_OP_1_Y_SUB_TC_OP32_Y_ADD_TC_OP_g2753__7098/CO -       CI->CO R     ADDFX1         1  0.6    39   186    4768    (-,-) 
  ALU/SUB_TC_OP_6_Y_SUB_TC_OP_5_Y_SUB_TC_OP_4_Y_SUB_TC_OP_3_Y_SUB_TC_OP_2_Y_SUB_TC_OP_1_Y_SUB_TC_OP32_Y_ADD_TC_OP_g2752__8246/CO -       CI->CO R     ADDFX1         1  0.6    39   186    4954    (-,-) 
  ALU/SUB_TC_OP_6_Y_SUB_TC_OP_5_Y_SUB_TC_OP_4_Y_SUB_TC_OP_3_Y_SUB_TC_OP_2_Y_SUB_TC_OP_1_Y_SUB_TC_OP32_Y_ADD_TC_OP_g2751__5122/CO -       CI->CO R     ADDFX1         1  0.6    39   186    5140    (-,-) 
  ALU/SUB_TC_OP_6_Y_SUB_TC_OP_5_Y_SUB_TC_OP_4_Y_SUB_TC_OP_3_Y_SUB_TC_OP_2_Y_SUB_TC_OP_1_Y_SUB_TC_OP32_Y_ADD_TC_OP_g2750__1705/CO -       CI->CO R     ADDFX1         1  0.6    39   186    5326    (-,-) 
  ALU/SUB_TC_OP_6_Y_SUB_TC_OP_5_Y_SUB_TC_OP_4_Y_SUB_TC_OP_3_Y_SUB_TC_OP_2_Y_SUB_TC_OP_1_Y_SUB_TC_OP32_Y_ADD_TC_OP_g2749__2802/CO -       CI->CO R     ADDFX1         1  0.6    39   186    5512    (-,-) 
  ALU/SUB_TC_OP_6_Y_SUB_TC_OP_5_Y_SUB_TC_OP_4_Y_SUB_TC_OP_3_Y_SUB_TC_OP_2_Y_SUB_TC_OP_1_Y_SUB_TC_OP32_Y_ADD_TC_OP_g2748__1617/CO -       CI->CO R     ADDFX1         1  0.6    39   186    5698    (-,-) 
  ALU/SUB_TC_OP_6_Y_SUB_TC_OP_5_Y_SUB_TC_OP_4_Y_SUB_TC_OP_3_Y_SUB_TC_OP_2_Y_SUB_TC_OP_1_Y_SUB_TC_OP32_Y_ADD_TC_OP_g2747__3680/CO -       CI->CO R     ADDFX1         1  0.6    39   186    5884    (-,-) 
  ALU/SUB_TC_OP_6_Y_SUB_TC_OP_5_Y_SUB_TC_OP_4_Y_SUB_TC_OP_3_Y_SUB_TC_OP_2_Y_SUB_TC_OP_1_Y_SUB_TC_OP32_Y_ADD_TC_OP_g2746__6783/CO -       CI->CO R     ADDFX1         1  0.6    39   186    6070    (-,-) 
  ALU/SUB_TC_OP_6_Y_SUB_TC_OP_5_Y_SUB_TC_OP_4_Y_SUB_TC_OP_3_Y_SUB_TC_OP_2_Y_SUB_TC_OP_1_Y_SUB_TC_OP32_Y_ADD_TC_OP_g2745__5526/CO -       CI->CO R     ADDFX1         1  0.6    39   186    6256    (-,-) 
  ALU/SUB_TC_OP_6_Y_SUB_TC_OP_5_Y_SUB_TC_OP_4_Y_SUB_TC_OP_3_Y_SUB_TC_OP_2_Y_SUB_TC_OP_1_Y_SUB_TC_OP32_Y_ADD_TC_OP_g2744__8428/CO -       CI->CO R     ADDFX1         1  0.6    39   186    6442    (-,-) 
  ALU/SUB_TC_OP_6_Y_SUB_TC_OP_5_Y_SUB_TC_OP_4_Y_SUB_TC_OP_3_Y_SUB_TC_OP_2_Y_SUB_TC_OP_1_Y_SUB_TC_OP32_Y_ADD_TC_OP_g2743__4319/CO -       CI->CO R     ADDFX1         1  0.6    39   186    6628    (-,-) 
  ALU/SUB_TC_OP_6_Y_SUB_TC_OP_5_Y_SUB_TC_OP_4_Y_SUB_TC_OP_3_Y_SUB_TC_OP_2_Y_SUB_TC_OP_1_Y_SUB_TC_OP32_Y_ADD_TC_OP_g2742__6260/CO -       CI->CO R     ADDFX1         1  0.6    39   186    6814    (-,-) 
  ALU/SUB_TC_OP_6_Y_SUB_TC_OP_5_Y_SUB_TC_OP_4_Y_SUB_TC_OP_3_Y_SUB_TC_OP_2_Y_SUB_TC_OP_1_Y_SUB_TC_OP32_Y_ADD_TC_OP_g2741__5107/CO -       CI->CO R     ADDFX1         1  0.6    39   186    7000    (-,-) 
  ALU/SUB_TC_OP_6_Y_SUB_TC_OP_5_Y_SUB_TC_OP_4_Y_SUB_TC_OP_3_Y_SUB_TC_OP_2_Y_SUB_TC_OP_1_Y_SUB_TC_OP32_Y_ADD_TC_OP_g2740__2398/CO -       CI->CO R     ADDFX1         1  0.6    39   186    7186    (-,-) 
  ALU/SUB_TC_OP_6_Y_SUB_TC_OP_5_Y_SUB_TC_OP_4_Y_SUB_TC_OP_3_Y_SUB_TC_OP_2_Y_SUB_TC_OP_1_Y_SUB_TC_OP32_Y_ADD_TC_OP_g2739__5477/CO -       CI->CO R     ADDFX1         1  0.6    39   186    7372    (-,-) 
  ALU/SUB_TC_OP_6_Y_SUB_TC_OP_5_Y_SUB_TC_OP_4_Y_SUB_TC_OP_3_Y_SUB_TC_OP_2_Y_SUB_TC_OP_1_Y_SUB_TC_OP32_Y_ADD_TC_OP_g2738__6417/CO -       CI->CO R     ADDFX1         1  0.6    39   186    7558    (-,-) 
  ALU/SUB_TC_OP_6_Y_SUB_TC_OP_5_Y_SUB_TC_OP_4_Y_SUB_TC_OP_3_Y_SUB_TC_OP_2_Y_SUB_TC_OP_1_Y_SUB_TC_OP32_Y_ADD_TC_OP_g2737__7410/CO -       CI->CO R     ADDFX1         1  0.6    39   186    7744    (-,-) 
  ALU/SUB_TC_OP_6_Y_SUB_TC_OP_5_Y_SUB_TC_OP_4_Y_SUB_TC_OP_3_Y_SUB_TC_OP_2_Y_SUB_TC_OP_1_Y_SUB_TC_OP32_Y_ADD_TC_OP_g2736__1666/CO -       CI->CO R     ADDFX1         1  0.6    39   186    7930    (-,-) 
  ALU/SUB_TC_OP_6_Y_SUB_TC_OP_5_Y_SUB_TC_OP_4_Y_SUB_TC_OP_3_Y_SUB_TC_OP_2_Y_SUB_TC_OP_1_Y_SUB_TC_OP32_Y_ADD_TC_OP_g2735__2346/CO -       CI->CO R     ADDFX1         1  0.6    39   186    8116    (-,-) 
  ALU/SUB_TC_OP_6_Y_SUB_TC_OP_5_Y_SUB_TC_OP_4_Y_SUB_TC_OP_3_Y_SUB_TC_OP_2_Y_SUB_TC_OP_1_Y_SUB_TC_OP32_Y_ADD_TC_OP_g2734__2883/CO -       CI->CO R     ADDFX1         1  0.6    39   186    8302    (-,-) 
  ALU/SUB_TC_OP_6_Y_SUB_TC_OP_5_Y_SUB_TC_OP_4_Y_SUB_TC_OP_3_Y_SUB_TC_OP_2_Y_SUB_TC_OP_1_Y_SUB_TC_OP32_Y_ADD_TC_OP_g2733__9945/S  -       CI->S  F     ADDFX1         2  0.5    40   269    8570    (-,-) 
  ALU/g7134__9945/Y                                                                                                              -       D->Y   F     OR4X1          1  0.2    40   214    8784    (-,-) 
  ALU/g7109__1666/Y                                                                                                              -       D->Y   F     OR4X1          1  0.2    40   214    8998    (-,-) 
  ALU/g7107__2883/Y                                                                                                              -       D->Y   F     OR4X1          1  0.3    42   215    9213    (-,-) 
  ALU/g7105__9315/Y                                                                                                              -       D->Y   R     NOR4X1         1  0.4   119    90    9303    (-,-) 
  ALU/g7103__4733/Y                                                                                                              -       B->Y   F     NAND2X1        1  0.2    56   101    9404    (-,-) 
  ALU/g7101__5115/Y                                                                                                              -       D->Y   F     OR4X1          1  0.2    40   221    9624    (-,-) 
  ALU/g7099__6131/Y                                                                                                              -       D->Y   F     OR4X1          1  0.2    40   214    9838    (-,-) 
  ALU/g7097__8246/Y                                                                                                              -       D->Y   F     OR4X1          1  0.3    42   215   10053    (-,-) 
  ALU/g7095__1705/Y                                                                                                              -       D->Y   R     NOR4X1         2  0.8   155   111   10165    (-,-) 
  ALU/g7092__3680/Y                                                                                                              -       B1->Y  F     AOI32X1        1  0.3   170   129   10293    (-,-) 
  ALU/g6994__9945/Y                                                                                                              -       C0->Y  R     OAI211X1       1  0.4    82   115   10409    (-,-) 
  ALU/g6993__9315/Y                                                                                                              -       B0->Y  F     AOI21X1        1  0.3    68    65   10474    (-,-) 
  ALU/g6992__6161/Y                                                                                                              -       C0->Y  R     OAI211X1       4  1.0   101    64   10538    (-,-) 
  RegMux/g1114/Y                                                                                                                 -       B1->Y  F     AOI22X1        1  0.4   118   102   10640    (-,-) 
  RegMux/g1091/Y                                                                                                                 -       B0->Y  R     OAI2BB1X1      1  0.2    39    84   10724    (-,-) 
  RegFile/g22154/Y                                                                                                               -       A->Y   R     MX2X1         31 12.4   274   306   11030    (-,-) 
  RegFile/mem_reg[30][0]/D                                                                                                       <<<     -      R     SDFFRHQX1     31    -     -     0   11030    (-,-) 
#--------------------------------------------------------------------------------------------------------------------------------------------------------------------------------------------------------

