============================================================
  Generated by:           Genus(TM) Synthesis Solution 22.16-s078_1
  Generated on:           Sep 15 2026  08:31:53 pm
  Module:                 datapath_sc
  Operating conditions:   PVT_0P9V_125C (balanced_tree)
  Wireload mode:          enclosed
  Area mode:              timing library
============================================================

  Instance    Module   Cell Count  Cell Area  Net Area   Total Area   Wireload  
--------------------------------------------------------------------------------
datapath_sc                  4298  14917.014     0.000    14917.014 <none> (D)  
  ADD4      adder              54     99.180     0.000       99.180 <none> (D)  
  ADD_IMM   adder_1            34    162.108     0.000      162.108 <none> (D)  
  ALU       ALU               617   1267.794     0.000     1267.794 <none> (D)  
  CONTROL   control            74    166.896     0.000      166.896 <none> (D)  
  Extnd     extendImm          64     99.864     0.000       99.864 <none> (D)  
  PC        pc                 33    197.676     0.000      197.676 <none> (D)  
  PCMux     mux4_117           68    125.856     0.000      125.856 <none> (D)  
  RegFile   regfile          3220  12513.096     0.000    12513.096 <none> (D)  
  RegMux    mux4               68    125.856     0.000      125.856 <none> (D)  
  Rs1MUX    mux2               32     76.608     0.000       76.608 <none> (D)  
  Rs2MUX    mux2_116           33     81.396     0.000       81.396 <none> (D)  
  (D) = wireload is default in technology library
