============================================================
  Generated by:           Genus(TM) Synthesis Solution 22.16-s078_1
  Generated on:           Aug 18 2026  08:52:51 pm
  Module:                 riscv_datapath
  Technology library:     slow_vdd1v0 1.0
  Operating conditions:   PVT_0P9V_125C (balanced_tree)
  Wireload mode:          enclosed
  Area mode:              timing library
============================================================

Timing
--------

Clock  Period 
--------------
clock 10000.0 


  Cost    Critical         Violating 
 Group   Path Slack  TNS     Paths   
-------------------------------------
clock        1632.4   0.0          0 
default    No paths   0.0            
-------------------------------------
Total                 0.0          0 

Instance Count
--------------
Leaf Instance Count             4563 
Physical Instance count            0 
Sequential Instance Count       1055 
Combinational Instance Count    3508 
Hierarchical Instance Count        0 

Area
----
Cell Area                          15120.504
Physical Cell Area                 0.000
Total Cell Area (Cell+Physical)    15120.504
Net Area                           0.000
Total Area (Cell+Physical+Net)     15120.504

Max Fanout                         1040 (clk)
Min Fanout                         0 (n_627)
Average Fanout                     3.5
Terms to net ratio                 4.6826
Terms to instance ratio            4.8017
Runtime                            87.34590200000002 seconds
Elapsed Runtime                    89 seconds
Genus peak memory usage            1950.16 
Innovus peak memory usage          no_value 
Hostname                           saitama
