============================================================
  Generated by:           Genus(TM) Synthesis Solution 22.16-s078_1
  Generated on:           Aug 18 2026  09:48:06 pm
  Module:                 riscv_datapath
  Technology library:     slow_vdd1v0 1.0
  Operating conditions:   PVT_0P9V_125C (balanced_tree)
  Wireload mode:          enclosed
  Area mode:              timing library
============================================================

Timing
--------

Clock Period 
-------------
clock 5000.0 


  Cost    Critical         Violating 
 Group   Path Slack  TNS     Paths   
-------------------------------------
clock           0.1   0.0          0 
default    No paths   0.0            
-------------------------------------
Total                 0.0          0 

Instance Count
--------------
Leaf Instance Count             6606 
Physical Instance count            0 
Sequential Instance Count       1039 
Combinational Instance Count    5567 
Hierarchical Instance Count        0 

Area
----
Cell Area                          17316.486
Physical Cell Area                 0.000
Total Cell Area (Cell+Physical)    17316.486
Net Area                           0.000
Total Area (Cell+Physical+Net)     17316.486

Power
-----
Leakage Power                      292.793 nW
Dynamic Power                      655197.715 nW
Total Power                        655490.507 nW

Max Fanout                         1024 (clk)
Min Fanout                         0 (n_5770)
Average Fanout                     2.9
Terms to net ratio                 4.1984
Terms to instance ratio            4.2702
Runtime                            390.35958500000044 seconds
Elapsed Runtime                    399 seconds
Genus peak memory usage            2013.68 
Innovus peak memory usage          no_value 
Hostname                           saitama
